0 verbose cli C:\Program Files\nodejs\node.exe C:\Program Files\nodejs\node_modules\npm\bin\npm-cli.js
1 info using npm@10.9.2
2 info using node@v22.17.0
3 silly config load:file:C:\Program Files\nodejs\node_modules\npm\npmrc
4 silly config load:file:D:\Projects\SlaytheTinySpire\.npmrc
5 silly config load:file:C:\Users\d-mao\.npmrc
6 silly config load:file:C:\Users\d-mao\AppData\Roaming\npm\etc\npmrc
7 verbose title npm install tailwindcss @tailwindcss/postcss postcss
8 verbose argv "install" "--save-dev" "tailwindcss" "@tailwindcss/postcss" "postcss"
9 verbose logfile logs-max:10 dir:D:\Projects\SlaytheTinySpire\.npm-cache\_logs\2026-03-31T04_17_10_130Z-
10 verbose logfile D:\Projects\SlaytheTinySpire\.npm-cache\_logs\2026-03-31T04_17_10_130Z-debug-0.log
11 silly logfile done cleaning log files
12 silly packumentCache heap:4345298944 maxSize:1086324736 maxEntrySize:543162368
13 silly idealTree buildDeps
14 silly fetch manifest tailwindcss@*
15 silly packumentCache full:https://registry.npmjs.org/tailwindcss cache-miss
16 verbose shrinkwrap failed to load node_modules/.package-lock.json out of date, updated: node_modules
17 http fetch GET 200 https://registry.npmjs.org/tailwindcss 262ms (cache miss)
18 silly packumentCache full:https://registry.npmjs.org/tailwindcss set size:undefined disposed:false
19 silly fetch manifest @tailwindcss/postcss@*
20 silly packumentCache full:https://registry.npmjs.org/@tailwindcss%2fpostcss cache-miss
21 http fetch GET 200 https://registry.npmjs.org/@tailwindcss%2fpostcss 72ms (cache miss)
22 silly packumentCache full:https://registry.npmjs.org/@tailwindcss%2fpostcss set size:undefined disposed:false
23 silly fetch manifest postcss@*
24 silly packumentCache full:https://registry.npmjs.org/postcss cache-miss
25 http fetch GET 200 https://registry.npmjs.org/postcss 46ms (cache miss)
26 silly packumentCache full:https://registry.npmjs.org/postcss set size:undefined disposed:false
27 silly placeDep ROOT @tailwindcss/postcss@4.2.2 OK for: slay-the-tiny-spire@1.0.0 want: *
28 silly placeDep ROOT postcss@8.5.8 REPLACE for: slay-the-tiny-spire@1.0.0 want: *
29 silly placeDep ROOT tailwindcss@4.2.2 OK for: slay-the-tiny-spire@1.0.0 want: *
30 silly fetch manifest tailwindcss@4.2.2
31 silly packumentCache full:https://registry.npmjs.org/tailwindcss cache-miss
32 silly fetch manifest @alloc/quick-lru@^5.2.0
33 silly packumentCache full:https://registry.npmjs.org/@alloc%2fquick-lru cache-miss
34 silly fetch manifest @tailwindcss/node@4.2.2
35 silly packumentCache full:https://registry.npmjs.org/@tailwindcss%2fnode cache-miss
36 silly fetch manifest @tailwindcss/oxide@4.2.2
37 silly packumentCache full:https://registry.npmjs.org/@tailwindcss%2foxide cache-miss
38 http cache https://registry.npmjs.org/tailwindcss 37ms (cache hit)
39 silly packumentCache full:https://registry.npmjs.org/tailwindcss set size:10320526 disposed:false
40 http fetch GET 200 https://registry.npmjs.org/@alloc%2fquick-lru 128ms (cache miss)
41 silly packumentCache full:https://registry.npmjs.org/@alloc%2fquick-lru set size:undefined disposed:false
42 http fetch GET 200 https://registry.npmjs.org/@tailwindcss%2fnode 166ms (cache miss)
43 silly packumentCache full:https://registry.npmjs.org/@tailwindcss%2fnode set size:undefined disposed:false
44 http fetch GET 200 https://registry.npmjs.org/@tailwindcss%2foxide 220ms (cache miss)
45 silly packumentCache full:https://registry.npmjs.org/@tailwindcss%2foxide set size:undefined disposed:false
46 silly placeDep ROOT @alloc/quick-lru@5.2.0 OK for: @tailwindcss/postcss@4.2.2 want: ^5.2.0
47 silly placeDep ROOT @tailwindcss/node@4.2.2 OK for: @tailwindcss/postcss@4.2.2 want: 4.2.2
48 silly placeDep ROOT @tailwindcss/oxide@4.2.2 OK for: @tailwindcss/postcss@4.2.2 want: 4.2.2
49 silly fetch manifest jiti@^2.6.1
50 silly packumentCache full:https://registry.npmjs.org/jiti cache-miss
51 silly fetch manifest lightningcss@1.32.0
52 silly packumentCache full:https://registry.npmjs.org/lightningcss cache-miss
53 silly fetch manifest magic-string@^0.30.21
54 silly packumentCache full:https://registry.npmjs.org/magic-string cache-miss
55 silly fetch manifest enhanced-resolve@^5.19.0
56 silly packumentCache full:https://registry.npmjs.org/enhanced-resolve cache-miss
57 silly fetch manifest @tailwindcss/oxide-darwin-x64@4.2.2
58 silly packumentCache full:https://registry.npmjs.org/@tailwindcss%2foxide-darwin-x64 cache-miss
59 silly fetch manifest @tailwindcss/oxide-freebsd-x64@4.2.2
60 silly packumentCache full:https://registry.npmjs.org/@tailwindcss%2foxide-freebsd-x64 cache-miss
61 silly fetch manifest @tailwindcss/oxide-wasm32-wasi@4.2.2
62 silly packumentCache full:https://registry.npmjs.org/@tailwindcss%2foxide-wasm32-wasi cache-miss
63 silly fetch manifest @tailwindcss/oxide-darwin-arm64@4.2.2
64 silly packumentCache full:https://registry.npmjs.org/@tailwindcss%2foxide-darwin-arm64 cache-miss
65 silly fetch manifest @tailwindcss/oxide-android-arm64@4.2.2
66 silly packumentCache full:https://registry.npmjs.org/@tailwindcss%2foxide-android-arm64 cache-miss
67 silly fetch manifest @tailwindcss/oxide-linux-x64-gnu@4.2.2
68 silly packumentCache full:https://registry.npmjs.org/@tailwindcss%2foxide-linux-x64-gnu cache-miss
69 silly fetch manifest @tailwindcss/oxide-linux-x64-musl@4.2.2
70 silly packumentCache full:https://registry.npmjs.org/@tailwindcss%2foxide-linux-x64-musl cache-miss
71 silly fetch manifest @tailwindcss/oxide-win32-x64-msvc@4.2.2
72 silly packumentCache full:https://registry.npmjs.org/@tailwindcss%2foxide-win32-x64-msvc cache-miss
73 silly fetch manifest @tailwindcss/oxide-linux-arm64-gnu@4.2.2
74 silly packumentCache full:https://registry.npmjs.org/@tailwindcss%2foxide-linux-arm64-gnu cache-miss
75 silly fetch manifest @tailwindcss/oxide-linux-arm64-musl@4.2.2
76 silly packumentCache full:https://registry.npmjs.org/@tailwindcss%2foxide-linux-arm64-musl cache-miss
77 silly fetch manifest @tailwindcss/oxide-win32-arm64-msvc@4.2.2
78 silly packumentCache full:https://registry.npmjs.org/@tailwindcss%2foxide-win32-arm64-msvc cache-miss
79 http fetch GET 200 https://registry.npmjs.org/lightningcss 105ms (cache miss)
80 silly packumentCache full:https://registry.npmjs.org/lightningcss set size:undefined disposed:false
81 silly fetch manifest @tailwindcss/oxide-linux-arm-gnueabihf@4.2.2
82 silly packumentCache full:https://registry.npmjs.org/@tailwindcss%2foxide-linux-arm-gnueabihf cache-miss
83 http fetch GET 200 https://registry.npmjs.org/magic-string 150ms (cache miss)
84 silly packumentCache full:https://registry.npmjs.org/magic-string set size:undefined disposed:false
85 http fetch GET 200 https://registry.npmjs.org/jiti 175ms (cache miss)
86 silly packumentCache full:https://registry.npmjs.org/jiti set size:undefined disposed:false
87 http fetch GET 200 https://registry.npmjs.org/enhanced-resolve 232ms (cache miss)
88 silly packumentCache full:https://registry.npmjs.org/enhanced-resolve set size:undefined disposed:false
89 http fetch GET 200 https://registry.npmjs.org/@tailwindcss%2foxide-wasm32-wasi 307ms (cache miss)
90 silly packumentCache full:https://registry.npmjs.org/@tailwindcss%2foxide-wasm32-wasi set size:undefined disposed:false
91 http fetch GET 200 https://registry.npmjs.org/@tailwindcss%2foxide-win32-arm64-msvc 372ms (cache miss)
92 silly packumentCache full:https://registry.npmjs.org/@tailwindcss%2foxide-win32-arm64-msvc set size:undefined disposed:false
93 http fetch GET 200 https://registry.npmjs.org/@tailwindcss%2foxide-android-arm64 386ms (cache miss)
94 silly packumentCache full:https://registry.npmjs.org/@tailwindcss%2foxide-android-arm64 set size:undefined disposed:false
95 http fetch GET 200 https://registry.npmjs.org/@tailwindcss%2foxide-linux-arm-gnueabihf 321ms (cache miss)
96 silly packumentCache full:https://registry.npmjs.org/@tailwindcss%2foxide-linux-arm-gnueabihf set size:undefined disposed:false
97 http fetch GET 200 https://registry.npmjs.org/@tailwindcss%2foxide-freebsd-x64 452ms (cache miss)
98 silly packumentCache full:https://registry.npmjs.org/@tailwindcss%2foxide-freebsd-x64 set size:undefined disposed:false
99 http fetch GET 200 https://registry.npmjs.org/@tailwindcss%2foxide-linux-x64-gnu 466ms (cache miss)
100 silly packumentCache full:https://registry.npmjs.org/@tailwindcss%2foxide-linux-x64-gnu set size:undefined disposed:false
101 http fetch GET 200 https://registry.npmjs.org/@tailwindcss%2foxide-linux-x64-musl 483ms (cache miss)
102 silly packumentCache full:https://registry.npmjs.org/@tailwindcss%2foxide-linux-x64-musl set size:undefined disposed:false
103 http fetch GET 200 https://registry.npmjs.org/@tailwindcss%2foxide-win32-x64-msvc 501ms (cache miss)
104 silly packumentCache full:https://registry.npmjs.org/@tailwindcss%2foxide-win32-x64-msvc set size:undefined disposed:false
105 http fetch GET 200 https://registry.npmjs.org/@tailwindcss%2foxide-darwin-arm64 532ms (cache miss)
106 silly packumentCache full:https://registry.npmjs.org/@tailwindcss%2foxide-darwin-arm64 set size:undefined disposed:false
107 http fetch GET 200 https://registry.npmjs.org/@tailwindcss%2foxide-linux-arm64-gnu 552ms (cache miss)
108 silly packumentCache full:https://registry.npmjs.org/@tailwindcss%2foxide-linux-arm64-gnu set size:undefined disposed:false
109 http fetch GET 200 https://registry.npmjs.org/@tailwindcss%2foxide-darwin-x64 581ms (cache miss)
110 silly packumentCache full:https://registry.npmjs.org/@tailwindcss%2foxide-darwin-x64 set size:undefined disposed:false
111 http fetch GET 200 https://registry.npmjs.org/@tailwindcss%2foxide-linux-arm64-musl 598ms (cache miss)
112 silly packumentCache full:https://registry.npmjs.org/@tailwindcss%2foxide-linux-arm64-musl set size:undefined disposed:false
113 silly placeDep ROOT enhanced-resolve@5.20.1 OK for: @tailwindcss/node@4.2.2 want: ^5.19.0
114 silly placeDep ROOT jiti@2.6.1 OK for: @tailwindcss/node@4.2.2 want: ^2.6.1
115 silly placeDep ROOT lightningcss@1.32.0 OK for: @tailwindcss/node@4.2.2 want: 1.32.0
116 silly placeDep ROOT magic-string@0.30.21 OK for: @tailwindcss/node@4.2.2 want: ^0.30.21
117 silly fetch manifest graceful-fs@^4.2.4
118 silly packumentCache full:https://registry.npmjs.org/graceful-fs cache-miss
119 silly fetch manifest tapable@^2.3.0
120 silly packumentCache full:https://registry.npmjs.org/tapable cache-miss
121 silly fetch manifest detect-libc@^2.0.3
122 silly packumentCache full:https://registry.npmjs.org/detect-libc cache-miss
123 silly fetch manifest lightningcss-darwin-x64@1.32.0
124 silly packumentCache full:https://registry.npmjs.org/lightningcss-darwin-x64 cache-miss
125 silly fetch manifest lightningcss-linux-x64-gnu@1.32.0
126 silly packumentCache full:https://registry.npmjs.org/lightningcss-linux-x64-gnu cache-miss
127 silly fetch manifest lightningcss-win32-x64-msvc@1.32.0
128 silly packumentCache full:https://registry.npmjs.org/lightningcss-win32-x64-msvc cache-miss
129 silly fetch manifest lightningcss-win32-arm64-msvc@1.32.0
130 silly packumentCache full:https://registry.npmjs.org/lightningcss-win32-arm64-msvc cache-miss
131 silly fetch manifest lightningcss-darwin-arm64@1.32.0
132 silly packumentCache full:https://registry.npmjs.org/lightningcss-darwin-arm64 cache-miss
133 silly fetch manifest lightningcss-linux-arm64-gnu@1.32.0
134 silly packumentCache full:https://registry.npmjs.org/lightningcss-linux-arm64-gnu cache-miss
135 silly fetch manifest lightningcss-linux-arm-gnueabihf@1.32.0
136 silly packumentCache full:https://registry.npmjs.org/lightningcss-linux-arm-gnueabihf cache-miss
137 silly fetch manifest lightningcss-linux-arm64-musl@1.32.0
138 silly packumentCache full:https://registry.npmjs.org/lightningcss-linux-arm64-musl cache-miss
139 silly fetch manifest lightningcss-linux-x64-musl@1.32.0
140 silly packumentCache full:https://registry.npmjs.org/lightningcss-linux-x64-musl cache-miss
141 silly fetch manifest lightningcss-freebsd-x64@1.32.0
142 silly packumentCache full:https://registry.npmjs.org/lightningcss-freebsd-x64 cache-miss
143 silly fetch manifest lightningcss-android-arm64@1.32.0
144 silly packumentCache full:https://registry.npmjs.org/lightningcss-android-arm64 cache-miss
145 http fetch GET 200 https://registry.npmjs.org/lightningcss-android-arm64 65ms (cache miss)
146 silly packumentCache full:https://registry.npmjs.org/lightningcss-android-arm64 set size:undefined disposed:false
147 http fetch GET 200 https://registry.npmjs.org/lightningcss-darwin-x64 69ms (cache miss)
148 silly packumentCache full:https://registry.npmjs.org/lightningcss-darwin-x64 set size:undefined disposed:false
149 http fetch GET 200 https://registry.npmjs.org/detect-libc 71ms (cache miss)
150 silly packumentCache full:https://registry.npmjs.org/detect-libc set size:undefined disposed:false
151 http fetch GET 200 https://registry.npmjs.org/lightningcss-win32-arm64-msvc 72ms (cache miss)
152 silly packumentCache full:https://registry.npmjs.org/lightningcss-win32-arm64-msvc set size:undefined disposed:false
153 http fetch GET 200 https://registry.npmjs.org/lightningcss-linux-arm64-gnu 72ms (cache miss)
154 silly packumentCache full:https://registry.npmjs.org/lightningcss-linux-arm64-gnu set size:undefined disposed:false
155 http fetch GET 200 https://registry.npmjs.org/lightningcss-linux-x64-gnu 75ms (cache miss)
156 silly packumentCache full:https://registry.npmjs.org/lightningcss-linux-x64-gnu set size:undefined disposed:false
157 http fetch GET 200 https://registry.npmjs.org/lightningcss-linux-x64-musl 75ms (cache miss)
158 silly packumentCache full:https://registry.npmjs.org/lightningcss-linux-x64-musl set size:undefined disposed:false
159 http fetch GET 200 https://registry.npmjs.org/lightningcss-win32-x64-msvc 78ms (cache miss)
160 silly packumentCache full:https://registry.npmjs.org/lightningcss-win32-x64-msvc set size:undefined disposed:false
161 http fetch GET 200 https://registry.npmjs.org/lightningcss-linux-arm64-musl 77ms (cache miss)
162 silly packumentCache full:https://registry.npmjs.org/lightningcss-linux-arm64-musl set size:undefined disposed:false
163 http fetch GET 200 https://registry.npmjs.org/lightningcss-linux-arm-gnueabihf 79ms (cache miss)
164 silly packumentCache full:https://registry.npmjs.org/lightningcss-linux-arm-gnueabihf set size:undefined disposed:false
165 http fetch GET 200 https://registry.npmjs.org/lightningcss-darwin-arm64 80ms (cache miss)
166 silly packumentCache full:https://registry.npmjs.org/lightningcss-darwin-arm64 set size:undefined disposed:false
167 http fetch GET 200 https://registry.npmjs.org/graceful-fs 84ms (cache miss)
168 silly packumentCache full:https://registry.npmjs.org/graceful-fs set size:undefined disposed:false
169 http fetch GET 200 https://registry.npmjs.org/tapable 86ms (cache miss)
170 silly packumentCache full:https://registry.npmjs.org/tapable set size:undefined disposed:false
171 http fetch GET 200 https://registry.npmjs.org/lightningcss-freebsd-x64 85ms (cache miss)
172 silly packumentCache full:https://registry.npmjs.org/lightningcss-freebsd-x64 set size:undefined disposed:false
173 silly placeDep ROOT @tailwindcss/oxide-android-arm64@4.2.2 OK for: @tailwindcss/oxide@4.2.2 want: 4.2.2
174 silly placeDep ROOT @tailwindcss/oxide-darwin-arm64@4.2.2 OK for: @tailwindcss/oxide@4.2.2 want: 4.2.2
175 silly placeDep ROOT @tailwindcss/oxide-darwin-x64@4.2.2 OK for: @tailwindcss/oxide@4.2.2 want: 4.2.2
176 silly placeDep ROOT @tailwindcss/oxide-freebsd-x64@4.2.2 OK for: @tailwindcss/oxide@4.2.2 want: 4.2.2
177 silly placeDep ROOT @tailwindcss/oxide-linux-arm-gnueabihf@4.2.2 OK for: @tailwindcss/oxide@4.2.2 want: 4.2.2
178 silly placeDep ROOT @tailwindcss/oxide-linux-arm64-gnu@4.2.2 OK for: @tailwindcss/oxide@4.2.2 want: 4.2.2
179 silly placeDep ROOT @tailwindcss/oxide-linux-arm64-musl@4.2.2 OK for: @tailwindcss/oxide@4.2.2 want: 4.2.2
180 silly placeDep ROOT @tailwindcss/oxide-linux-x64-gnu@4.2.2 OK for: @tailwindcss/oxide@4.2.2 want: 4.2.2
181 silly placeDep ROOT @tailwindcss/oxide-linux-x64-musl@4.2.2 OK for: @tailwindcss/oxide@4.2.2 want: 4.2.2
182 silly placeDep ROOT @tailwindcss/oxide-wasm32-wasi@4.2.2 OK for: @tailwindcss/oxide@4.2.2 want: 4.2.2
183 silly placeDep ROOT @tailwindcss/oxide-win32-arm64-msvc@4.2.2 OK for: @tailwindcss/oxide@4.2.2 want: 4.2.2
184 silly placeDep ROOT @tailwindcss/oxide-win32-x64-msvc@4.2.2 OK for: @tailwindcss/oxide@4.2.2 want: 4.2.2
185 silly placeDep ROOT graceful-fs@4.2.11 OK for: enhanced-resolve@5.20.1 want: ^4.2.4
186 silly placeDep ROOT tapable@2.3.2 OK for: enhanced-resolve@5.20.1 want: ^2.3.0
187 silly placeDep ROOT detect-libc@2.1.2 OK for: lightningcss@1.32.0 want: ^2.0.3
188 silly placeDep ROOT lightningcss-android-arm64@1.32.0 OK for: lightningcss@1.32.0 want: 1.32.0
189 silly placeDep ROOT lightningcss-darwin-arm64@1.32.0 OK for: lightningcss@1.32.0 want: 1.32.0
190 silly placeDep ROOT lightningcss-darwin-x64@1.32.0 OK for: lightningcss@1.32.0 want: 1.32.0
191 silly placeDep ROOT lightningcss-freebsd-x64@1.32.0 OK for: lightningcss@1.32.0 want: 1.32.0
192 silly placeDep ROOT lightningcss-linux-arm-gnueabihf@1.32.0 OK for: lightningcss@1.32.0 want: 1.32.0
193 silly placeDep ROOT lightningcss-linux-arm64-gnu@1.32.0 OK for: lightningcss@1.32.0 want: 1.32.0
194 silly placeDep ROOT lightningcss-linux-arm64-musl@1.32.0 OK for: lightningcss@1.32.0 want: 1.32.0
195 silly placeDep ROOT lightningcss-linux-x64-gnu@1.32.0 OK for: lightningcss@1.32.0 want: 1.32.0
196 silly placeDep ROOT lightningcss-linux-x64-musl@1.32.0 OK for: lightningcss@1.32.0 want: 1.32.0
197 silly placeDep ROOT lightningcss-win32-arm64-msvc@1.32.0 OK for: lightningcss@1.32.0 want: 1.32.0
198 silly placeDep ROOT lightningcss-win32-x64-msvc@1.32.0 OK for: lightningcss@1.32.0 want: 1.32.0
199 silly reify moves {}
200 verbose reify failed optional dependency D:\Projects\SlaytheTinySpire\node_modules\@tailwindcss\oxide-wasm32-wasi
201 silly reify mark deleted [
201 silly reify   'D:\\Projects\\SlaytheTinySpire\\node_modules\\@tailwindcss\\oxide-wasm32-wasi'
201 silly reify ]
202 silly audit bulk request {
202 silly audit   '@babel/code-frame': [ '7.29.0' ],
202 silly audit   '@babel/compat-data': [ '7.29.0' ],
202 silly audit   '@babel/core': [ '7.29.0' ],
202 silly audit   '@babel/generator': [ '7.29.1' ],
202 silly audit   '@babel/helper-compilation-targets': [ '7.28.6' ],
202 silly audit   '@babel/helper-globals': [ '7.28.0' ],
202 silly audit   '@babel/helper-module-imports': [ '7.28.6' ],
202 silly audit   '@babel/helper-module-transforms': [ '7.28.6' ],
202 silly audit   '@babel/helper-plugin-utils': [ '7.28.6' ],
202 silly audit   '@babel/helper-string-parser': [ '7.27.1' ],
202 silly audit   '@babel/helper-validator-identifier': [ '7.28.5' ],
202 silly audit   '@babel/helper-validator-option': [ '7.27.1' ],
202 silly audit   '@babel/helpers': [ '7.29.2' ],
202 silly audit   '@babel/parser': [ '7.29.2' ],
202 silly audit   '@babel/plugin-transform-react-jsx-self': [ '7.27.1' ],
202 silly audit   '@babel/plugin-transform-react-jsx-source': [ '7.27.1' ],
202 silly audit   '@babel/template': [ '7.28.6' ],
202 silly audit   '@babel/traverse': [ '7.29.0' ],
202 silly audit   '@babel/types': [ '7.29.0' ],
202 silly audit   '@esbuild/aix-ppc64': [ '0.27.4' ],
202 silly audit   '@esbuild/android-arm': [ '0.27.4' ],
202 silly audit   '@esbuild/android-arm64': [ '0.27.4' ],
202 silly audit   '@esbuild/android-x64': [ '0.27.4' ],
202 silly audit   '@esbuild/darwin-arm64': [ '0.27.4' ],
202 silly audit   '@esbuild/darwin-x64': [ '0.27.4' ],
202 silly audit   '@esbuild/freebsd-arm64': [ '0.27.4' ],
202 silly audit   '@esbuild/freebsd-x64': [ '0.27.4' ],
202 silly audit   '@esbuild/linux-arm': [ '0.27.4' ],
202 silly audit   '@esbuild/linux-arm64': [ '0.27.4' ],
202 silly audit   '@esbuild/linux-ia32': [ '0.27.4' ],
202 silly audit   '@esbuild/linux-loong64': [ '0.27.4' ],
202 silly audit   '@esbuild/linux-mips64el': [ '0.27.4' ],
202 silly audit   '@esbuild/linux-ppc64': [ '0.27.4' ],
202 silly audit   '@esbuild/linux-riscv64': [ '0.27.4' ],
202 silly audit   '@esbuild/linux-s390x': [ '0.27.4' ],
202 silly audit   '@esbuild/linux-x64': [ '0.27.4' ],
202 silly audit   '@esbuild/netbsd-arm64': [ '0.27.4' ],
202 silly audit   '@esbuild/netbsd-x64': [ '0.27.4' ],
202 silly audit   '@esbuild/openbsd-arm64': [ '0.27.4' ],
202 silly audit   '@esbuild/openbsd-x64': [ '0.27.4' ],
202 silly audit   '@esbuild/openharmony-arm64': [ '0.27.4' ],
202 silly audit   '@esbuild/sunos-x64': [ '0.27.4' ],
202 silly audit   '@esbuild/win32-arm64': [ '0.27.4' ],
202 silly audit   '@esbuild/win32-ia32': [ '0.27.4' ],
202 silly audit   '@esbuild/win32-x64': [ '0.27.4' ],
202 silly audit   '@jridgewell/gen-mapping': [ '0.3.13' ],
202 silly audit   '@jridgewell/remapping': [ '2.3.5' ],
202 silly audit   '@jridgewell/resolve-uri': [ '3.1.2' ],
202 silly audit   '@jridgewell/sourcemap-codec': [ '1.5.5' ],
202 silly audit   '@jridgewell/trace-mapping': [ '0.3.31' ],
202 silly audit   '@rolldown/pluginutils': [ '1.0.0-rc.3' ],
202 silly audit   '@rollup/rollup-android-arm-eabi': [ '4.60.0' ],
202 silly audit   '@rollup/rollup-android-arm64': [ '4.60.0' ],
202 silly audit   '@rollup/rollup-darwin-arm64': [ '4.60.0' ],
202 silly audit   '@rollup/rollup-darwin-x64': [ '4.60.0' ],
202 silly audit   '@rollup/rollup-freebsd-arm64': [ '4.60.0' ],
202 silly audit   '@rollup/rollup-freebsd-x64': [ '4.60.0' ],
202 silly audit   '@rollup/rollup-linux-arm-gnueabihf': [ '4.60.0' ],
202 silly audit   '@rollup/rollup-linux-arm-musleabihf': [ '4.60.0' ],
202 silly audit   '@rollup/rollup-linux-arm64-gnu': [ '4.60.0' ],
202 silly audit   '@rollup/rollup-linux-arm64-musl': [ '4.60.0' ],
202 silly audit   '@rollup/rollup-linux-loong64-gnu': [ '4.60.0' ],
202 silly audit   '@rollup/rollup-linux-loong64-musl': [ '4.60.0' ],
202 silly audit   '@rollup/rollup-linux-ppc64-gnu': [ '4.60.0' ],
202 silly audit   '@rollup/rollup-linux-ppc64-musl': [ '4.60.0' ],
202 silly audit   '@rollup/rollup-linux-riscv64-gnu': [ '4.60.0' ],
202 silly audit   '@rollup/rollup-linux-riscv64-musl': [ '4.60.0' ],
202 silly audit   '@rollup/rollup-linux-s390x-gnu': [ '4.60.0' ],
202 silly audit   '@rollup/rollup-linux-x64-gnu': [ '4.60.0' ],
202 silly audit   '@rollup/rollup-linux-x64-musl': [ '4.60.0' ],
202 silly audit   '@rollup/rollup-openbsd-x64': [ '4.60.0' ],
202 silly audit   '@rollup/rollup-openharmony-arm64': [ '4.60.0' ],
202 silly audit   '@rollup/rollup-win32-arm64-msvc': [ '4.60.0' ],
202 silly audit   '@rollup/rollup-win32-ia32-msvc': [ '4.60.0' ],
202 silly audit   '@rollup/rollup-win32-x64-gnu': [ '4.60.0' ],
202 silly audit   '@rollup/rollup-win32-x64-msvc': [ '4.60.0' ],
202 silly audit   '@types/babel__core': [ '7.20.5' ],
202 silly audit   '@types/babel__generator': [ '7.27.0' ],
202 silly audit   '@types/babel__template': [ '7.4.4' ],
202 silly audit   '@types/babel__traverse': [ '7.28.0' ],
202 silly audit   '@types/estree': [ '1.0.8' ],
202 silly audit   '@vitejs/plugin-react': [ '5.2.0' ],
202 silly audit   'baseline-browser-mapping': [ '2.10.12' ],
202 silly audit   browserslist: [ '4.28.1' ],
202 silly audit   'caniuse-lite': [ '1.0.30001782' ],
202 silly audit   'convert-source-map': [ '2.0.0' ],
202 silly audit   debug: [ '4.4.3' ],
202 silly audit   'electron-to-chromium': [ '1.5.328' ],
202 silly audit   esbuild: [ '0.27.4' ],
202 silly audit   escalade: [ '3.2.0' ],
202 silly audit   fdir: [ '6.5.0' ],
202 silly audit   fsevents: [ '2.3.3' ],
202 silly audit   gensync: [ '1.0.0-beta.2' ],
202 silly audit   'js-tokens': [ '4.0.0' ],
202 silly audit   jsesc: [ '3.1.0' ],
202 silly audit   json5: [ '2.2.3' ],
202 silly audit   'lru-cache': [ '5.1.1' ],
202 silly audit   'lucide-react': [ '0.542.0' ],
202 silly audit   ms: [ '2.1.3' ],
202 silly audit   nanoid: [ '3.3.11' ],
202 silly audit   'node-releases': [ '2.0.36' ],
202 silly audit   picocolors: [ '1.1.1' ],
202 silly audit   picomatch: [ '4.0.4' ],
202 silly audit   react: [ '19.2.4' ],
202 silly audit   'react-dom': [ '19.2.4' ],
202 silly audit   'react-refresh': [ '0.18.0' ],
202 silly audit   rollup: [ '4.60.0' ],
202 silly audit   scheduler: [ '0.27.0' ],
202 silly audit   semver: [ '6.3.1' ],
202 silly audit   'source-map-js': [ '1.2.1' ],
202 silly audit   tinyglobby: [ '0.2.15' ],
202 silly audit   'update-browserslist-db': [ '1.2.3' ],
202 silly audit   vite: [ '7.3.1' ],
202 silly audit   yallist: [ '3.1.1' ],
202 silly audit   '@tailwindcss/postcss': [ '4.2.2' ],
202 silly audit   postcss: [ '8.5.8' ],
202 silly audit   tailwindcss: [ '4.2.2' ],
202 silly audit   '@alloc/quick-lru': [ '5.2.0' ],
202 silly audit   '@tailwindcss/node': [ '4.2.2' ],
202 silly audit   '@tailwindcss/oxide': [ '4.2.2' ],
202 silly audit   'enhanced-resolve': [ '5.20.1' ],
202 silly audit   jiti: [ '2.6.1' ],
202 silly audit   lightningcss: [ '1.32.0' ],
202 silly audit   'magic-string': [ '0.30.21' ],
202 silly audit   '@tailwindcss/oxide-android-arm64': [ '4.2.2' ],
202 silly audit   '@tailwindcss/oxide-darwin-arm64': [ '4.2.2' ],
202 silly audit   '@tailwindcss/oxide-darwin-x64': [ '4.2.2' ],
202 silly audit   '@tailwindcss/oxide-freebsd-x64': [ '4.2.2' ],
202 silly audit   '@tailwindcss/oxide-linux-arm-gnueabihf': [ '4.2.2' ],
202 silly audit   '@tailwindcss/oxide-linux-arm64-gnu': [ '4.2.2' ],
202 silly audit   '@tailwindcss/oxide-linux-arm64-musl': [ '4.2.2' ],
202 silly audit   '@tailwindcss/oxide-linux-x64-gnu': [ '4.2.2' ],
202 silly audit   '@tailwindcss/oxide-linux-x64-musl': [ '4.2.2' ],
202 silly audit   '@tailwindcss/oxide-win32-arm64-msvc': [ '4.2.2' ],
202 silly audit   '@tailwindcss/oxide-win32-x64-msvc': [ '4.2.2' ],
202 silly audit   'graceful-fs': [ '4.2.11' ],
202 silly audit   tapable: [ '2.3.2' ],
202 silly audit   'detect-libc': [ '2.1.2' ],
202 silly audit   'lightningcss-android-arm64': [ '1.32.0' ],
202 silly audit   'lightningcss-darwin-arm64': [ '1.32.0' ],
202 silly audit   'lightningcss-darwin-x64': [ '1.32.0' ],
202 silly audit   'lightningcss-freebsd-x64': [ '1.32.0' ],
202 silly audit   'lightningcss-linux-arm-gnueabihf': [ '1.32.0' ],
202 silly audit   'lightningcss-linux-arm64-gnu': [ '1.32.0' ],
202 silly audit   'lightningcss-linux-arm64-musl': [ '1.32.0' ],
202 silly audit   'lightningcss-linux-x64-gnu': [ '1.32.0' ],
202 silly audit   'lightningcss-linux-x64-musl': [ '1.32.0' ],
202 silly audit   'lightningcss-win32-arm64-msvc': [ '1.32.0' ],
202 silly audit   'lightningcss-win32-x64-msvc': [ '1.32.0' ],
202 silly audit   '@tailwindcss/oxide-wasm32-wasi': [ '4.2.2' ]
202 silly audit }
203 verbose reify failed optional dependency D:\Projects\SlaytheTinySpire\node_modules\lightningcss-win32-arm64-msvc
204 silly reify mark deleted [
204 silly reify   'D:\\Projects\\SlaytheTinySpire\\node_modules\\lightningcss-win32-arm64-msvc'
204 silly reify ]
205 verbose reify failed optional dependency D:\Projects\SlaytheTinySpire\node_modules\lightningcss-linux-x64-musl
206 silly reify mark deleted [
206 silly reify   'D:\\Projects\\SlaytheTinySpire\\node_modules\\lightningcss-linux-x64-musl'
206 silly reify ]
207 verbose reify failed optional dependency D:\Projects\SlaytheTinySpire\node_modules\lightningcss-linux-x64-gnu
208 silly reify mark deleted [
208 silly reify   'D:\\Projects\\SlaytheTinySpire\\node_modules\\lightningcss-linux-x64-gnu'
208 silly reify ]
209 verbose reify failed optional dependency D:\Projects\SlaytheTinySpire\node_modules\lightningcss-linux-arm64-musl
210 silly reify mark deleted [
210 silly reify   'D:\\Projects\\SlaytheTinySpire\\node_modules\\lightningcss-linux-arm64-musl'
210 silly reify ]
211 verbose reify failed optional dependency D:\Projects\SlaytheTinySpire\node_modules\lightningcss-linux-arm64-gnu
212 silly reify mark deleted [
212 silly reify   'D:\\Projects\\SlaytheTinySpire\\node_modules\\lightningcss-linux-arm64-gnu'
212 silly reify ]
213 verbose reify failed optional dependency D:\Projects\SlaytheTinySpire\node_modules\lightningcss-linux-arm-gnueabihf
214 silly reify mark deleted [
214 silly reify   'D:\\Projects\\SlaytheTinySpire\\node_modules\\lightningcss-linux-arm-gnueabihf'
214 silly reify ]
215 verbose reify failed optional dependency D:\Projects\SlaytheTinySpire\node_modules\lightningcss-freebsd-x64
216 silly reify mark deleted [
216 silly reify   'D:\\Projects\\SlaytheTinySpire\\node_modules\\lightningcss-freebsd-x64'
216 silly reify ]
217 verbose reify failed optional dependency D:\Projects\SlaytheTinySpire\node_modules\lightningcss-darwin-x64
218 silly reify mark deleted [
218 silly reify   'D:\\Projects\\SlaytheTinySpire\\node_modules\\lightningcss-darwin-x64'
218 silly reify ]
219 verbose reify failed optional dependency D:\Projects\SlaytheTinySpire\node_modules\lightningcss-darwin-arm64
220 silly reify mark deleted [
220 silly reify   'D:\\Projects\\SlaytheTinySpire\\node_modules\\lightningcss-darwin-arm64'
220 silly reify ]
221 verbose reify failed optional dependency D:\Projects\SlaytheTinySpire\node_modules\lightningcss-android-arm64
222 silly reify mark deleted [
222 silly reify   'D:\\Projects\\SlaytheTinySpire\\node_modules\\lightningcss-android-arm64'
222 silly reify ]
223 verbose reify failed optional dependency D:\Projects\SlaytheTinySpire\node_modules\@tailwindcss\oxide-win32-arm64-msvc
224 silly reify mark deleted [
224 silly reify   'D:\\Projects\\SlaytheTinySpire\\node_modules\\@tailwindcss\\oxide-win32-arm64-msvc'
224 silly reify ]
225 verbose reify failed optional dependency D:\Projects\SlaytheTinySpire\node_modules\@tailwindcss\oxide-linux-x64-musl
226 silly reify mark deleted [
226 silly reify   'D:\\Projects\\SlaytheTinySpire\\node_modules\\@tailwindcss\\oxide-linux-x64-musl'
226 silly reify ]
227 verbose reify failed optional dependency D:\Projects\SlaytheTinySpire\node_modules\@tailwindcss\oxide-linux-x64-gnu
228 silly reify mark deleted [
228 silly reify   'D:\\Projects\\SlaytheTinySpire\\node_modules\\@tailwindcss\\oxide-linux-x64-gnu'
228 silly reify ]
229 verbose reify failed optional dependency D:\Projects\SlaytheTinySpire\node_modules\@tailwindcss\oxide-linux-arm64-musl
230 silly reify mark deleted [
230 silly reify   'D:\\Projects\\SlaytheTinySpire\\node_modules\\@tailwindcss\\oxide-linux-arm64-musl'
230 silly reify ]
231 verbose reify failed optional dependency D:\Projects\SlaytheTinySpire\node_modules\@tailwindcss\oxide-linux-arm64-gnu
232 silly reify mark deleted [
232 silly reify   'D:\\Projects\\SlaytheTinySpire\\node_modules\\@tailwindcss\\oxide-linux-arm64-gnu'
232 silly reify ]
233 verbose reify failed optional dependency D:\Projects\SlaytheTinySpire\node_modules\@tailwindcss\oxide-linux-arm-gnueabihf
234 silly reify mark deleted [
234 silly reify   'D:\\Projects\\SlaytheTinySpire\\node_modules\\@tailwindcss\\oxide-linux-arm-gnueabihf'
234 silly reify ]
235 verbose reify failed optional dependency D:\Projects\SlaytheTinySpire\node_modules\@tailwindcss\oxide-freebsd-x64
236 silly reify mark deleted [
236 silly reify   'D:\\Projects\\SlaytheTinySpire\\node_modules\\@tailwindcss\\oxide-freebsd-x64'
236 silly reify ]
237 verbose reify failed optional dependency D:\Projects\SlaytheTinySpire\node_modules\@tailwindcss\oxide-darwin-x64
238 silly reify mark deleted [
238 silly reify   'D:\\Projects\\SlaytheTinySpire\\node_modules\\@tailwindcss\\oxide-darwin-x64'
238 silly reify ]
239 verbose reify failed optional dependency D:\Projects\SlaytheTinySpire\node_modules\@tailwindcss\oxide-darwin-arm64
240 silly reify mark deleted [
240 silly reify   'D:\\Projects\\SlaytheTinySpire\\node_modules\\@tailwindcss\\oxide-darwin-arm64'
240 silly reify ]
241 verbose reify failed optional dependency D:\Projects\SlaytheTinySpire\node_modules\@tailwindcss\oxide-android-arm64
242 silly reify mark deleted [
242 silly reify   'D:\\Projects\\SlaytheTinySpire\\node_modules\\@tailwindcss\\oxide-android-arm64'
242 silly reify ]
243 verbose reify failed optional dependency D:\Projects\SlaytheTinySpire\node_modules\fsevents
244 silly reify mark deleted [ 'D:\\Projects\\SlaytheTinySpire\\node_modules\\fsevents' ]
245 verbose reify failed optional dependency D:\Projects\SlaytheTinySpire\node_modules\@rollup\rollup-win32-ia32-msvc
246 silly reify mark deleted [
246 silly reify   'D:\\Projects\\SlaytheTinySpire\\node_modules\\@rollup\\rollup-win32-ia32-msvc'
246 silly reify ]
247 verbose reify failed optional dependency D:\Projects\SlaytheTinySpire\node_modules\@rollup\rollup-win32-arm64-msvc
248 silly reify mark deleted [
248 silly reify   'D:\\Projects\\SlaytheTinySpire\\node_modules\\@rollup\\rollup-win32-arm64-msvc'
248 silly reify ]
249 verbose reify failed optional dependency D:\Projects\SlaytheTinySpire\node_modules\@rollup\rollup-openharmony-arm64
250 silly reify mark deleted [
250 silly reify   'D:\\Projects\\SlaytheTinySpire\\node_modules\\@rollup\\rollup-openharmony-arm64'
250 silly reify ]
251 verbose reify failed optional dependency D:\Projects\SlaytheTinySpire\node_modules\@rollup\rollup-openbsd-x64
252 silly reify mark deleted [
252 silly reify   'D:\\Projects\\SlaytheTinySpire\\node_modules\\@rollup\\rollup-openbsd-x64'
252 silly reify ]
253 verbose reify failed optional dependency D:\Projects\SlaytheTinySpire\node_modules\@rollup\rollup-linux-x64-musl
254 silly reify mark deleted [
254 silly reify   'D:\\Projects\\SlaytheTinySpire\\node_modules\\@rollup\\rollup-linux-x64-musl'
254 silly reify ]
255 verbose reify failed optional dependency D:\Projects\SlaytheTinySpire\node_modules\@rollup\rollup-linux-x64-gnu
256 silly reify mark deleted [
256 silly reify   'D:\\Projects\\SlaytheTinySpire\\node_modules\\@rollup\\rollup-linux-x64-gnu'
256 silly reify ]
257 verbose reify failed optional dependency D:\Projects\SlaytheTinySpire\node_modules\@rollup\rollup-linux-s390x-gnu
258 silly reify mark deleted [
258 silly reify   'D:\\Projects\\SlaytheTinySpire\\node_modules\\@rollup\\rollup-linux-s390x-gnu'
258 silly reify ]
259 verbose reify failed optional dependency D:\Projects\SlaytheTinySpire\node_modules\@rollup\rollup-linux-riscv64-musl
260 silly reify mark deleted [
260 silly reify   'D:\\Projects\\SlaytheTinySpire\\node_modules\\@rollup\\rollup-linux-riscv64-musl'
260 silly reify ]
261 verbose reify failed optional dependency D:\Projects\SlaytheTinySpire\node_modules\@rollup\rollup-linux-riscv64-gnu
262 silly reify mark deleted [
262 silly reify   'D:\\Projects\\SlaytheTinySpire\\node_modules\\@rollup\\rollup-linux-riscv64-gnu'
262 silly reify ]
263 verbose reify failed optional dependency D:\Projects\SlaytheTinySpire\node_modules\@rollup\rollup-linux-ppc64-musl
264 silly reify mark deleted [
264 silly reify   'D:\\Projects\\SlaytheTinySpire\\node_modules\\@rollup\\rollup-linux-ppc64-musl'
264 silly reify ]
265 verbose reify failed optional dependency D:\Projects\SlaytheTinySpire\node_modules\@rollup\rollup-linux-ppc64-gnu
266 silly reify mark deleted [
266 silly reify   'D:\\Projects\\SlaytheTinySpire\\node_modules\\@rollup\\rollup-linux-ppc64-gnu'
266 silly reify ]
267 verbose reify failed optional dependency D:\Projects\SlaytheTinySpire\node_modules\@rollup\rollup-linux-loong64-musl
268 silly reify mark deleted [
268 silly reify   'D:\\Projects\\SlaytheTinySpire\\node_modules\\@rollup\\rollup-linux-loong64-musl'
268 silly reify ]
269 verbose reify failed optional dependency D:\Projects\SlaytheTinySpire\node_modules\@rollup\rollup-linux-loong64-gnu
270 silly reify mark deleted [
270 silly reify   'D:\\Projects\\SlaytheTinySpire\\node_modules\\@rollup\\rollup-linux-loong64-gnu'
270 silly reify ]
271 verbose reify failed optional dependency D:\Projects\SlaytheTinySpire\node_modules\@rollup\rollup-linux-arm64-musl
272 silly reify mark deleted [
272 silly reify   'D:\\Projects\\SlaytheTinySpire\\node_modules\\@rollup\\rollup-linux-arm64-musl'
272 silly reify ]
273 verbose reify failed optional dependency D:\Projects\SlaytheTinySpire\node_modules\@rollup\rollup-linux-arm64-gnu
274 silly reify mark deleted [
274 silly reify   'D:\\Projects\\SlaytheTinySpire\\node_modules\\@rollup\\rollup-linux-arm64-gnu'
274 silly reify ]
275 verbose reify failed optional dependency D:\Projects\SlaytheTinySpire\node_modules\@rollup\rollup-linux-arm-musleabihf
276 silly reify mark deleted [
276 silly reify   'D:\\Projects\\SlaytheTinySpire\\node_modules\\@rollup\\rollup-linux-arm-musleabihf'
276 silly reify ]
277 verbose reify failed optional dependency D:\Projects\SlaytheTinySpire\node_modules\@rollup\rollup-linux-arm-gnueabihf
278 silly reify mark deleted [
278 silly reify   'D:\\Projects\\SlaytheTinySpire\\node_modules\\@rollup\\rollup-linux-arm-gnueabihf'
278 silly reify ]
279 verbose reify failed optional dependency D:\Projects\SlaytheTinySpire\node_modules\@rollup\rollup-freebsd-x64
280 silly reify mark deleted [
280 silly reify   'D:\\Projects\\SlaytheTinySpire\\node_modules\\@rollup\\rollup-freebsd-x64'
280 silly reify ]
281 verbose reify failed optional dependency D:\Projects\SlaytheTinySpire\node_modules\@rollup\rollup-freebsd-arm64
282 silly reify mark deleted [
282 silly reify   'D:\\Projects\\SlaytheTinySpire\\node_modules\\@rollup\\rollup-freebsd-arm64'
282 silly reify ]
283 verbose reify failed optional dependency D:\Projects\SlaytheTinySpire\node_modules\@rollup\rollup-darwin-x64
284 silly reify mark deleted [
284 silly reify   'D:\\Projects\\SlaytheTinySpire\\node_modules\\@rollup\\rollup-darwin-x64'
284 silly reify ]
285 verbose reify failed optional dependency D:\Projects\SlaytheTinySpire\node_modules\@rollup\rollup-darwin-arm64
286 silly reify mark deleted [
286 silly reify   'D:\\Projects\\SlaytheTinySpire\\node_modules\\@rollup\\rollup-darwin-arm64'
286 silly reify ]
287 verbose reify failed optional dependency D:\Projects\SlaytheTinySpire\node_modules\@rollup\rollup-android-arm64
288 silly reify mark deleted [
288 silly reify   'D:\\Projects\\SlaytheTinySpire\\node_modules\\@rollup\\rollup-android-arm64'
288 silly reify ]
289 verbose reify failed optional dependency D:\Projects\SlaytheTinySpire\node_modules\@rollup\rollup-android-arm-eabi
290 silly reify mark deleted [
290 silly reify   'D:\\Projects\\SlaytheTinySpire\\node_modules\\@rollup\\rollup-android-arm-eabi'
290 silly reify ]
291 verbose reify failed optional dependency D:\Projects\SlaytheTinySpire\node_modules\@esbuild\win32-ia32
292 silly reify mark deleted [
292 silly reify   'D:\\Projects\\SlaytheTinySpire\\node_modules\\@esbuild\\win32-ia32'
292 silly reify ]
293 verbose reify failed optional dependency D:\Projects\SlaytheTinySpire\node_modules\@esbuild\win32-arm64
294 silly reify mark deleted [
294 silly reify   'D:\\Projects\\SlaytheTinySpire\\node_modules\\@esbuild\\win32-arm64'
294 silly reify ]
295 verbose reify failed optional dependency D:\Projects\SlaytheTinySpire\node_modules\@esbuild\sunos-x64
296 silly reify mark deleted [ 'D:\\Projects\\SlaytheTinySpire\\node_modules\\@esbuild\\sunos-x64' ]
297 verbose reify failed optional dependency D:\Projects\SlaytheTinySpire\node_modules\@esbuild\openharmony-arm64
298 silly reify mark deleted [
298 silly reify   'D:\\Projects\\SlaytheTinySpire\\node_modules\\@esbuild\\openharmony-arm64'
298 silly reify ]
299 verbose reify failed optional dependency D:\Projects\SlaytheTinySpire\node_modules\@esbuild\openbsd-x64
300 silly reify mark deleted [
300 silly reify   'D:\\Projects\\SlaytheTinySpire\\node_modules\\@esbuild\\openbsd-x64'
300 silly reify ]
301 verbose reify failed optional dependency D:\Projects\SlaytheTinySpire\node_modules\@esbuild\openbsd-arm64
302 silly reify mark deleted [
302 silly reify   'D:\\Projects\\SlaytheTinySpire\\node_modules\\@esbuild\\openbsd-arm64'
302 silly reify ]
303 verbose reify failed optional dependency D:\Projects\SlaytheTinySpire\node_modules\@esbuild\netbsd-x64
304 silly reify mark deleted [
304 silly reify   'D:\\Projects\\SlaytheTinySpire\\node_modules\\@esbuild\\netbsd-x64'
304 silly reify ]
305 verbose reify failed optional dependency D:\Projects\SlaytheTinySpire\node_modules\@esbuild\netbsd-arm64
306 silly reify mark deleted [
306 silly reify   'D:\\Projects\\SlaytheTinySpire\\node_modules\\@esbuild\\netbsd-arm64'
306 silly reify ]
307 verbose reify failed optional dependency D:\Projects\SlaytheTinySpire\node_modules\@esbuild\linux-x64
308 silly reify mark deleted [ 'D:\\Projects\\SlaytheTinySpire\\node_modules\\@esbuild\\linux-x64' ]
309 verbose reify failed optional dependency D:\Projects\SlaytheTinySpire\node_modules\@esbuild\linux-s390x
310 silly reify mark deleted [
310 silly reify   'D:\\Projects\\SlaytheTinySpire\\node_modules\\@esbuild\\linux-s390x'
310 silly reify ]
311 verbose reify failed optional dependency D:\Projects\SlaytheTinySpire\node_modules\@esbuild\linux-riscv64
312 silly reify mark deleted [
312 silly reify   'D:\\Projects\\SlaytheTinySpire\\node_modules\\@esbuild\\linux-riscv64'
312 silly reify ]
313 verbose reify failed optional dependency D:\Projects\SlaytheTinySpire\node_modules\@esbuild\linux-ppc64
314 silly reify mark deleted [
314 silly reify   'D:\\Projects\\SlaytheTinySpire\\node_modules\\@esbuild\\linux-ppc64'
314 silly reify ]
315 verbose reify failed optional dependency D:\Projects\SlaytheTinySpire\node_modules\@esbuild\linux-mips64el
316 silly reify mark deleted [
316 silly reify   'D:\\Projects\\SlaytheTinySpire\\node_modules\\@esbuild\\linux-mips64el'
316 silly reify ]
317 verbose reify failed optional dependency D:\Projects\SlaytheTinySpire\node_modules\@esbuild\linux-loong64
318 silly reify mark deleted [
318 silly reify   'D:\\Projects\\SlaytheTinySpire\\node_modules\\@esbuild\\linux-loong64'
318 silly reify ]
319 verbose reify failed optional dependency D:\Projects\SlaytheTinySpire\node_modules\@esbuild\linux-ia32
320 silly reify mark deleted [
320 silly reify   'D:\\Projects\\SlaytheTinySpire\\node_modules\\@esbuild\\linux-ia32'
320 silly reify ]
321 verbose reify failed optional dependency D:\Projects\SlaytheTinySpire\node_modules\@esbuild\linux-arm64
322 silly reify mark deleted [
322 silly reify   'D:\\Projects\\SlaytheTinySpire\\node_modules\\@esbuild\\linux-arm64'
322 silly reify ]
323 verbose reify failed optional dependency D:\Projects\SlaytheTinySpire\node_modules\@esbuild\linux-arm
324 silly reify mark deleted [ 'D:\\Projects\\SlaytheTinySpire\\node_modules\\@esbuild\\linux-arm' ]
325 verbose reify failed optional dependency D:\Projects\SlaytheTinySpire\node_modules\@esbuild\freebsd-x64
326 silly reify mark deleted [
326 silly reify   'D:\\Projects\\SlaytheTinySpire\\node_modules\\@esbuild\\freebsd-x64'
326 silly reify ]
327 verbose reify failed optional dependency D:\Projects\SlaytheTinySpire\node_modules\@esbuild\freebsd-arm64
328 silly reify mark deleted [
328 silly reify   'D:\\Projects\\SlaytheTinySpire\\node_modules\\@esbuild\\freebsd-arm64'
328 silly reify ]
329 verbose reify failed optional dependency D:\Projects\SlaytheTinySpire\node_modules\@esbuild\darwin-x64
330 silly reify mark deleted [
330 silly reify   'D:\\Projects\\SlaytheTinySpire\\node_modules\\@esbuild\\darwin-x64'
330 silly reify ]
331 verbose reify failed optional dependency D:\Projects\SlaytheTinySpire\node_modules\@esbuild\darwin-arm64
332 silly reify mark deleted [
332 silly reify   'D:\\Projects\\SlaytheTinySpire\\node_modules\\@esbuild\\darwin-arm64'
332 silly reify ]
333 verbose reify failed optional dependency D:\Projects\SlaytheTinySpire\node_modules\@esbuild\android-x64
334 silly reify mark deleted [
334 silly reify   'D:\\Projects\\SlaytheTinySpire\\node_modules\\@esbuild\\android-x64'
334 silly reify ]
335 verbose reify failed optional dependency D:\Projects\SlaytheTinySpire\node_modules\@esbuild\android-arm64
336 silly reify mark deleted [
336 silly reify   'D:\\Projects\\SlaytheTinySpire\\node_modules\\@esbuild\\android-arm64'
336 silly reify ]
337 verbose reify failed optional dependency D:\Projects\SlaytheTinySpire\node_modules\@esbuild\android-arm
338 silly reify mark deleted [
338 silly reify   'D:\\Projects\\SlaytheTinySpire\\node_modules\\@esbuild\\android-arm'
338 silly reify ]
339 verbose reify failed optional dependency D:\Projects\SlaytheTinySpire\node_modules\@esbuild\aix-ppc64
340 silly reify mark deleted [ 'D:\\Projects\\SlaytheTinySpire\\node_modules\\@esbuild\\aix-ppc64' ]
341 http cache lightningcss-win32-x64-msvc@https://registry.npmjs.org/lightningcss-win32-x64-msvc/-/lightningcss-win32-x64-msvc-1.32.0.tgz 0ms (cache hit)
342 http cache @tailwindcss/oxide-win32-x64-msvc@https://registry.npmjs.org/@tailwindcss/oxide-win32-x64-msvc/-/oxide-win32-x64-msvc-4.2.2.tgz 0ms (cache hit)
343 http cache detect-libc@https://registry.npmjs.org/detect-libc/-/detect-libc-2.1.2.tgz 0ms (cache hit)
344 http cache graceful-fs@https://registry.npmjs.org/graceful-fs/-/graceful-fs-4.2.11.tgz 0ms (cache hit)
345 http cache magic-string@https://registry.npmjs.org/magic-string/-/magic-string-0.30.21.tgz 0ms (cache hit)
346 http cache tapable@https://registry.npmjs.org/tapable/-/tapable-2.3.2.tgz 0ms (cache hit)
347 http cache lightningcss@https://registry.npmjs.org/lightningcss/-/lightningcss-1.32.0.tgz 0ms (cache hit)
348 http cache @tailwindcss/oxide@https://registry.npmjs.org/@tailwindcss/oxide/-/oxide-4.2.2.tgz 0ms (cache hit)
349 http cache jiti@https://registry.npmjs.org/jiti/-/jiti-2.6.1.tgz 0ms (cache hit)
350 http cache enhanced-resolve@https://registry.npmjs.org/enhanced-resolve/-/enhanced-resolve-5.20.1.tgz 0ms (cache hit)
351 http cache @tailwindcss/node@https://registry.npmjs.org/@tailwindcss/node/-/node-4.2.2.tgz 0ms (cache hit)
352 http cache @alloc/quick-lru@https://registry.npmjs.org/@alloc/quick-lru/-/quick-lru-5.2.0.tgz 0ms (cache hit)
353 silly tarball no local data for lightningcss-win32-x64-msvc@https://registry.npmjs.org/lightningcss-win32-x64-msvc/-/lightningcss-win32-x64-msvc-1.32.0.tgz. Extracting by manifest.
354 http cache @tailwindcss/postcss@https://registry.npmjs.org/@tailwindcss/postcss/-/postcss-4.2.2.tgz 0ms (cache hit)
355 http cache tailwindcss@https://registry.npmjs.org/tailwindcss/-/tailwindcss-4.2.2.tgz 0ms (cache hit)
356 silly tarball no local data for @tailwindcss/oxide-win32-x64-msvc@https://registry.npmjs.org/@tailwindcss/oxide-win32-x64-msvc/-/oxide-win32-x64-msvc-4.2.2.tgz. Extracting by manifest.
357 silly tarball no local data for detect-libc@https://registry.npmjs.org/detect-libc/-/detect-libc-2.1.2.tgz. Extracting by manifest.
358 silly tarball no local data for graceful-fs@https://registry.npmjs.org/graceful-fs/-/graceful-fs-4.2.11.tgz. Extracting by manifest.
359 silly tarball no local data for magic-string@https://registry.npmjs.org/magic-string/-/magic-string-0.30.21.tgz. Extracting by manifest.
360 silly tarball no local data for tapable@https://registry.npmjs.org/tapable/-/tapable-2.3.2.tgz. Extracting by manifest.
361 silly tarball no local data for lightningcss@https://registry.npmjs.org/lightningcss/-/lightningcss-1.32.0.tgz. Extracting by manifest.
362 silly tarball no local data for @tailwindcss/oxide@https://registry.npmjs.org/@tailwindcss/oxide/-/oxide-4.2.2.tgz. Extracting by manifest.
363 silly tarball no local data for jiti@https://registry.npmjs.org/jiti/-/jiti-2.6.1.tgz. Extracting by manifest.
364 silly tarball no local data for enhanced-resolve@https://registry.npmjs.org/enhanced-resolve/-/enhanced-resolve-5.20.1.tgz. Extracting by manifest.
365 silly tarball no local data for @tailwindcss/node@https://registry.npmjs.org/@tailwindcss/node/-/node-4.2.2.tgz. Extracting by manifest.
366 silly tarball no local data for @alloc/quick-lru@https://registry.npmjs.org/@alloc/quick-lru/-/quick-lru-5.2.0.tgz. Extracting by manifest.
367 silly tarball no local data for @tailwindcss/postcss@https://registry.npmjs.org/@tailwindcss/postcss/-/postcss-4.2.2.tgz. Extracting by manifest.
368 silly tarball no local data for tailwindcss@https://registry.npmjs.org/tailwindcss/-/tailwindcss-4.2.2.tgz. Extracting by manifest.
369 http fetch POST 200 https://registry.npmjs.org/-/npm/v1/security/advisories/bulk 191ms
370 silly audit report {}
371 http fetch GET 200 https://registry.npmjs.org/tapable/-/tapable-2.3.2.tgz 165ms (cache miss)
372 http fetch GET 200 https://registry.npmjs.org/@tailwindcss/oxide/-/oxide-4.2.2.tgz 168ms (cache miss)
373 http fetch GET 200 https://registry.npmjs.org/@alloc/quick-lru/-/quick-lru-5.2.0.tgz 167ms (cache miss)
374 http fetch GET 200 https://registry.npmjs.org/graceful-fs/-/graceful-fs-4.2.11.tgz 178ms (cache miss)
375 http fetch GET 200 https://registry.npmjs.org/detect-libc/-/detect-libc-2.1.2.tgz 185ms (cache miss)
376 http fetch GET 200 https://registry.npmjs.org/@tailwindcss/postcss/-/postcss-4.2.2.tgz 183ms (cache miss)
377 http fetch GET 200 https://registry.npmjs.org/@tailwindcss/node/-/node-4.2.2.tgz 203ms (cache miss)
378 http fetch GET 200 https://registry.npmjs.org/magic-string/-/magic-string-0.30.21.tgz 228ms (cache miss)
379 http fetch GET 200 https://registry.npmjs.org/lightningcss/-/lightningcss-1.32.0.tgz 241ms (cache miss)
380 http fetch GET 200 https://registry.npmjs.org/jiti/-/jiti-2.6.1.tgz 274ms (cache miss)
381 http fetch GET 200 https://registry.npmjs.org/tailwindcss/-/tailwindcss-4.2.2.tgz 308ms (cache miss)
382 http fetch GET 200 https://registry.npmjs.org/@tailwindcss/oxide-win32-x64-msvc/-/oxide-win32-x64-msvc-4.2.2.tgz 331ms (cache miss)
383 http fetch GET 200 https://registry.npmjs.org/enhanced-resolve/-/enhanced-resolve-5.20.1.tgz 362ms (cache miss)
384 http fetch GET 200 https://registry.npmjs.org/lightningcss-win32-x64-msvc/-/lightningcss-win32-x64-msvc-1.32.0.tgz 387ms (cache miss)
385 silly ADD node_modules/lightningcss-win32-x64-msvc
386 silly ADD
387 silly ADD
388 silly ADD
389 silly ADD
390 silly ADD
391 silly ADD
392 silly ADD
393 silly ADD
394 silly ADD
395 silly ADD
396 silly ADD node_modules/detect-libc
397 silly ADD node_modules/tapable
398 silly ADD node_modules/graceful-fs
399 silly ADD node_modules/@tailwindcss/oxide-win32-x64-msvc
400 silly ADD
401 silly ADD
402 silly ADD
403 silly ADD
404 silly ADD
405 silly ADD
406 silly ADD
407 silly ADD
408 silly ADD
409 silly ADD
410 silly ADD
411 silly ADD node_modules/magic-string
412 silly ADD node_modules/lightningcss
413 silly ADD node_modules/jiti
414 silly ADD node_modules/enhanced-resolve
415 silly ADD node_modules/@tailwindcss/oxide
416 silly ADD node_modules/@tailwindcss/node
417 silly ADD node_modules/@alloc/quick-lru
418 silly ADD node_modules/tailwindcss
419 silly ADD node_modules/@tailwindcss/postcss
420 silly ADD
421 silly ADD
422 silly ADD
423 silly ADD
424 silly ADD
425 silly ADD
426 silly ADD
427 silly ADD
428 silly ADD
429 silly ADD
430 silly ADD
431 silly ADD
432 silly ADD
433 silly ADD
434 silly ADD
435 silly ADD
436 silly ADD
437 silly ADD
438 silly ADD
439 silly ADD
440 silly ADD
441 silly ADD
442 silly ADD
443 silly ADD
444 silly ADD
445 silly ADD
446 silly ADD
447 silly ADD
448 silly ADD
449 silly ADD
450 silly ADD
451 silly ADD
452 silly ADD
453 silly ADD
454 silly ADD
455 silly ADD
456 silly ADD
457 silly ADD
458 silly ADD
459 silly ADD
460 silly ADD
461 silly ADD
462 silly ADD
463 silly ADD
464 silly ADD
465 silly ADD
466 silly ADD
467 silly ADD
468 silly ADD
469 verbose cwd D:\Projects\SlaytheTinySpire
470 verbose os Windows_NT 10.0.26100
471 verbose node v22.17.0
472 verbose npm  v10.9.2
473 verbose exit 0
474 info ok
