0 verbose cli C:\Program Files\nodejs\node.exe C:\Program Files\nodejs\node_modules\npm\bin\npm-cli.js
1 info using npm@11.6.2
2 info using node@v24.13.0
3 silly config load:file:C:\Program Files\nodejs\node_modules\npm\npmrc
4 silly config load:file:D:\Projects\SlaytheTinySpire\.npmrc
5 silly config load:file:C:\Users\maodu\.npmrc
6 silly config load:file:C:\Users\maodu\AppData\Roaming\npm\etc\npmrc
7 verbose title npm install
8 verbose argv "install" "--cache" ".npm-cache"
9 verbose logfile logs-max:10 dir:D:\Projects\SlaytheTinySpire\.npm-cache\_logs\2026-03-29T05_19_46_073Z-
10 verbose logfile D:\Projects\SlaytheTinySpire\.npm-cache\_logs\2026-03-29T05_19_46_073Z-debug-0.log
11 silly logfile done cleaning log files
12 silly packumentCache heap:4496293888 maxSize:1124073472 maxEntrySize:562036736
13 silly idealTree buildDeps
14 silly fetch manifest lucide-react@^0.542.0
15 silly packumentCache full:https://registry.npmjs.org/lucide-react cache-miss
16 http fetch GET 200 https://registry.npmjs.org/npm 93ms
17 http fetch GET 200 https://registry.npmjs.org/lucide-react 121ms (cache miss)
18 silly fetch manifest react@^19.1.1
19 silly packumentCache full:https://registry.npmjs.org/react cache-miss
20 http fetch GET 200 https://registry.npmjs.org/react 157ms (cache miss)
21 silly fetch manifest react-dom@^19.1.1
22 silly packumentCache full:https://registry.npmjs.org/react-dom cache-miss
23 http fetch GET 200 https://registry.npmjs.org/react-dom 111ms (cache miss)
24 silly fetch manifest @vitejs/plugin-react@^5.0.2
25 silly packumentCache full:https://registry.npmjs.org/@vitejs%2fplugin-react cache-miss
26 http fetch GET 200 https://registry.npmjs.org/@vitejs%2fplugin-react 41ms (cache miss)
27 silly fetch manifest vite@^7.1.5
28 silly packumentCache full:https://registry.npmjs.org/vite cache-miss
29 http fetch GET 200 https://registry.npmjs.org/vite 671ms (cache miss)
30 silly placeDep ROOT @vitejs/plugin-react@ OK for: slay-the-tiny-spire@1.0.0 want: ^5.0.2
31 silly placeDep ROOT lucide-react@ OK for: slay-the-tiny-spire@1.0.0 want: ^0.542.0
32 silly placeDep ROOT react@ OK for: slay-the-tiny-spire@1.0.0 want: ^19.1.1
33 silly placeDep ROOT react-dom@ OK for: slay-the-tiny-spire@1.0.0 want: ^19.1.1
34 silly placeDep ROOT vite@ OK for: slay-the-tiny-spire@1.0.0 want: ^7.1.5
35 verbose type system
36 verbose stack FetchError: Invalid response body while trying to fetch https://registry.npmjs.org/@vitejs%2fplugin-react: EPERM: operation not permitted, unlink 'D:\Projects\SlaytheTinySpire\.npm-cache\_cacache\tmp\1d9e6cec'
36 verbose stack     at C:\Program Files\nodejs\node_modules\npm\node_modules\minipass-fetch\lib\body.js:170:15
36 verbose stack     at async Response.json (C:\Program Files\nodejs\node_modules\npm\node_modules\minipass-fetch\lib\body.js:75:17)
36 verbose stack     at async RegistryFetcher.packument (C:\Program Files\nodejs\node_modules\npm\node_modules\pacote\lib\registry.js:98:25)
36 verbose stack     at async RegistryFetcher.manifest (C:\Program Files\nodejs\node_modules\npm\node_modules\pacote\lib\registry.js:128:23)
36 verbose stack     at async #fetchManifest (C:\Program Files\nodejs\node_modules\npm\node_modules\@npmcli\arborist\lib\arborist\build-ideal-tree.js:1227:20)
36 verbose stack     at async #nodeFromEdge (C:\Program Files\nodejs\node_modules\npm\node_modules\@npmcli\arborist\lib\arborist\build-ideal-tree.js:1065:19)
36 verbose stack     at async #buildDepStep (C:\Program Files\nodejs\node_modules\npm\node_modules\@npmcli\arborist\lib\arborist\build-ideal-tree.js:929:11)
36 verbose stack     at async Arborist.buildIdealTree (C:\Program Files\nodejs\node_modules\npm\node_modules\@npmcli\arborist\lib\arborist\build-ideal-tree.js:182:7)
36 verbose stack     at async Promise.all (index 1)
36 verbose stack     at async Arborist.reify (C:\Program Files\nodejs\node_modules\npm\node_modules\@npmcli\arborist\lib\arborist\reify.js:114:5)
37 error code EPERM
38 error syscall unlink
39 error path D:\Projects\SlaytheTinySpire\.npm-cache\_cacache\tmp\1d9e6cec
40 error errno EPERM
41 error FetchError: Invalid response body while trying to fetch https://registry.npmjs.org/@vitejs%2fplugin-react: EPERM: operation not permitted, unlink 'D:\Projects\SlaytheTinySpire\.npm-cache\_cacache\tmp\1d9e6cec'
41 error     at C:\Program Files\nodejs\node_modules\npm\node_modules\minipass-fetch\lib\body.js:170:15
41 error     at async Response.json (C:\Program Files\nodejs\node_modules\npm\node_modules\minipass-fetch\lib\body.js:75:17)
41 error     at async RegistryFetcher.packument (C:\Program Files\nodejs\node_modules\npm\node_modules\pacote\lib\registry.js:98:25)
41 error     at async RegistryFetcher.manifest (C:\Program Files\nodejs\node_modules\npm\node_modules\pacote\lib\registry.js:128:23)
41 error     at async #fetchManifest (C:\Program Files\nodejs\node_modules\npm\node_modules\@npmcli\arborist\lib\arborist\build-ideal-tree.js:1227:20)
41 error     at async #nodeFromEdge (C:\Program Files\nodejs\node_modules\npm\node_modules\@npmcli\arborist\lib\arborist\build-ideal-tree.js:1065:19)
41 error     at async #buildDepStep (C:\Program Files\nodejs\node_modules\npm\node_modules\@npmcli\arborist\lib\arborist\build-ideal-tree.js:929:11)
41 error     at async Arborist.buildIdealTree (C:\Program Files\nodejs\node_modules\npm\node_modules\@npmcli\arborist\lib\arborist\build-ideal-tree.js:182:7)
41 error     at async Promise.all (index 1)
41 error     at async Arborist.reify (C:\Program Files\nodejs\node_modules\npm\node_modules\@npmcli\arborist\lib\arborist\reify.js:114:5) {
41 error   code: 'EPERM',
41 error   errno: 'EPERM',
41 error   syscall: 'unlink',
41 error   path: 'D:\\Projects\\SlaytheTinySpire\\.npm-cache\\_cacache\\tmp\\1d9e6cec',
41 error   type: 'system',
41 error   requiredBy: '.'
41 error }
42 error
42 error The operation was rejected by your operating system.
42 error It's possible that the file was already in use (by a text editor or antivirus),
42 error or that you lack permissions to access it.
42 error
42 error If you believe this might be a permissions issue, please double-check the
42 error permissions of the file and its containing directories, or try running
42 error the command again as root/Administrator.
43 silly unfinished npm timer reify 1774761586996
44 silly unfinished npm timer reify:loadTrees 1774761586998
45 verbose cwd D:\Projects\SlaytheTinySpire
46 verbose os Windows_NT 10.0.19045
47 verbose node v24.13.0
48 verbose npm  v11.6.2
49 notice
49 notice New minor version of npm available! 11.6.2 -> 11.12.1
49 notice Changelog: https://github.com/npm/cli/releases/tag/v11.12.1
49 notice To update run: npm install -g npm@11.12.1
49 notice  { force: true, Symbol(proc-log.meta): true }
50 verbose exit 1
51 verbose code 1
52 error A complete log of this run can be found in: D:\Projects\SlaytheTinySpire\.npm-cache\_logs\2026-03-29T05_19_46_073Z-debug-0.log
